2025-09-08 19:50:17,363 - INFO - GET - Usuarios
2025-09-08 19:50:22,979 - INFO - POST - Usuarios
2025-09-08 19:50:25,764 - INFO - GET - Usuarios
2025-09-08 19:50:40,072 - INFO - GET - Usuarios
2025-09-08 19:50:45,989 - INFO - POST - Usuarios
2025-09-08 19:50:53,531 - INFO - POST - Usuarios
2025-09-08 19:51:01,203 - INFO - GET - Usuarios
2025-09-08 19:55:32,006 - INFO - POST - Nutricionistas
2025-09-08 20:31:34,537 - INFO - GET - Nutricionistas
2025-09-08 20:31:34,534 - INFO - GET - Usuarios
2025-09-08 20:31:35,376 - INFO - GET - Usuarios
2025-09-08 20:31:35,458 - INFO - GET - Nutricionistas
2025-09-08 20:31:36,047 - INFO - GET - Nutricionistas
2025-09-08 20:31:36,095 - INFO - GET - Nutricionistas
2025-09-08 20:31:36,120 - INFO - GET - Dietas
2025-09-08 20:31:41,333 - INFO - GET - Usuarios
2025-09-08 20:31:42,203 - INFO - GET - Nutricionistas
2025-09-08 20:39:40,414 - INFO - GET - Dietas
2025-09-08 20:39:59,431 - INFO - GET - Usuarios
2025-09-08 20:39:59,562 - INFO - GET - Nutricionistas
2025-09-08 21:12:48,562 - INFO - GET - Nutricionistas
2025-09-08 21:21:34,194 - INFO - GET - Usuarios
2025-09-08 21:21:35,728 - INFO - GET - Nutricionistas
2025-09-08 21:21:36,771 - INFO - GET - Nutricionistas
2025-09-08 21:21:38,749 - INFO - GET - Dietas
2025-09-08 22:04:33,918 - INFO - GET - Usuarios
2025-09-08 22:04:34,259 - INFO - GET - Nutricionistas
2025-09-08 22:09:57,375 - INFO - GET - Nutricionistas
2025-09-08 22:22:48,404 - INFO - GET - Usuarios
2025-09-08 22:22:48,797 - INFO - GET - Nutricionistas
2025-09-08 22:25:23,977 - INFO - GET - Dietas
2025-09-08 22:43:14,218 - INFO - GET - Dietas
2025-09-08 22:43:14,211 - INFO - GET - Dietas
2025-10-26 10:51:15,593 - INFO - GET - Usuarios
2025-10-26 10:51:15,646 - INFO - GET - Nutricionistas
2025-10-26 10:51:16,459 - INFO - GET - Nutricionistas
2025-10-26 10:51:17,212 - INFO - GET - Dietas
2025-10-27 09:58:50,342 - INFO - GET - Usuarios
2025-10-27 09:58:51,359 - INFO - GET - Nutricionistas
2025-10-27 09:58:51,919 - INFO - GET - Nutricionistas
2025-10-27 09:58:53,182 - INFO - GET - Usuarios
2025-10-27 09:58:53,206 - INFO - GET - Nutricionistas
2025-10-27 09:58:54,489 - INFO - GET - Dietas
2025-10-27 09:59:11,772 - INFO - GET - Usuarios
2025-10-27 09:59:11,913 - INFO - GET - Nutricionistas
2025-10-27 09:59:12,838 - INFO - GET - Dietas
2025-10-27 09:59:42,912 - INFO - GET - Nutricionistas
2025-10-27 09:59:43,551 - INFO - GET - Usuarios
2025-10-27 09:59:43,579 - INFO - GET - Nutricionistas
2025-10-27 09:59:45,673 - INFO - GET - Dietas
2025-10-27 09:59:47,336 - INFO - GET - Dietas
2025-10-27 09:59:52,565 - INFO - GET - Usuarios
2025-10-27 09:59:52,597 - INFO - GET - Nutricionistas
2025-10-27 09:59:53,786 - INFO - GET - Nutricionistas
2025-10-27 09:59:55,725 - INFO - GET - Dietas
2025-10-27 10:02:50,314 - INFO - GET - Dietas
2025-10-27 10:04:06,374 - INFO - GET - Dietas
2025-10-27 10:05:18,337 - INFO - GET - Nutricionistas
2025-10-27 10:05:21,942 - INFO - GET - Usuarios
2025-10-27 10:05:21,988 - INFO - GET - Nutricionistas
2025-10-27 10:05:33,134 - INFO - GET - Dietas
2025-10-27 10:06:11,136 - INFO - POST - Dietas
2025-10-27 10:07:21,164 - INFO - GET - Dietas
2025-10-27 10:07:45,997 - INFO - GET - Dietas
2025-10-27 10:07:58,601 - INFO - GET - Dietas
2025-10-27 10:07:58,810 - INFO - GET - Dietas
2025-10-27 10:08:37,520 - INFO - GET - Dietas
2025-10-27 10:25:03,302 - INFO - GET - Nutricionistas
2025-10-27 10:25:03,801 - INFO - GET - Usuarios
2025-10-27 10:25:03,909 - INFO - GET - Nutricionistas
2025-10-27 10:27:31,118 - INFO - GET - Usuarios
2025-10-27 10:27:31,235 - INFO - GET - Nutricionistas
2025-10-27 10:29:42,273 - INFO - GET - Nutricionistas
2025-10-27 10:29:42,852 - INFO - GET - Usuarios
2025-10-27 10:29:42,897 - INFO - GET - Nutricionistas
2025-10-27 10:41:34,717 - INFO - GET - Nutricionistas
2025-10-27 10:43:56,406 - INFO - GET - Usuarios
2025-10-27 10:46:11,407 - INFO - GET - Usuarios
2025-10-27 12:19:15,309 - INFO - GET - Usuarios
2025-10-27 12:19:15,503 - INFO - GET - Nutricionistas
2025-10-27 12:19:16,067 - INFO - GET - Dietas
2025-10-27 12:19:16,853 - INFO - GET - Nutricionistas
